// Jest Snapshot v1, https://goo.gl/fbAQLP

exports[`Mount Dashboard renders should match snapshot 1`] = `
<div
  data-test="mountDashboardComponent"
>
  <Row>
    <Col
      className="mb-4 d-flex justify-content-between"
      lg={12}
    >
      <NewMountModal
        buttonLabel="Create new mount"
        okHandle={[Function]}
      />
      <Button
        className="float-end"
        color="danger"
        onClick={[Function]}
      >
        Unmount all
      </Button>
    </Col>
  </Row>
  <Table
    className="table-striped"
    responsive={true}
  >
    <thead>
      <tr>
        <th>
          No.
        </th>
        <th>
          Mount Point
        </th>
        <th>
          Mounted since
        </th>
        <th>
          Fs
        </th>
        <th>
          Actions
        </th>
      </tr>
    </thead>
    <tbody />
  </Table>
</div>
`;
