// Jest Snapshot v1, https://goo.gl/fbAQLP

exports[`Bandwidth Status Card should match snapshot 1`] = `
<Card>
  <CardHeader>
    Bandwidth 
    <button
      className="btn btn-white float-end"
      onClick={[Function]}
    >
      Modify
    </button>
  </CardHeader>
  <CardBody>
    <p>
      <span
        className="card-subtitle"
      >
        Current Max speed: 
          
      </span>
      <span
        className="card-text"
      >
        Unlimited
      </span>
    </p>
    <Form
      className="d-none"
      onSubmit={[Function]}
    >
      <FormGroup
        row={true}
      >
        <Label
          for="bandwidthValue"
          sm={5}
        >
          Enter new max speed (upload:download)
        </Label>
        <Col
          sm={7}
        >
          <Input
            id="bandwidthValue"
            invalid={false}
            onChange={[Function]}
            type="text"
            valid={true}
            value=""
          />
          <FormFeedback
            valid={true}
          >
            Keep empty to reset.
          </FormFeedback>
          <FormFeedback>
            The bandwidth should be of the form 1M|2M|1G|1K|1.1K etc. Can also be specified as (upload:download)
          </FormFeedback>
        </Col>
      </FormGroup>
      <Button
        className="float-end"
        color="success"
        type="submit"
      >
        Set
      </Button>
    </Form>
  </CardBody>
</Card>
`;
