// Jest Snapshot v1, https://goo.gl/fbAQLP

exports[`Running Jobs renders should match snapshot 1`] = `
<Row>
  <Col
    lg={6}
    sm={12}
  >
    <GlobalStatus
      stats={
        Object {
          "transferring": Object {},
        }
      }
    />
  </Col>
  <Col
    lg={6}
    sm={12}
  >
    <Card>
      <CardHeader>
        Speed
      </CardHeader>
      <CardBody>
        <div
          className="chart-wrapper"
        >
          <ForwardRef
            data={Object {}}
            options={
              Object {
                "maintainAspectRatio": false,
                "scales": Object {
                  "x": Object {
                    "ticks": Object {
                      "display": false,
                    },
                  },
                  "y": Object {
                    "ticks": Object {
                      "beginAtZero": true,
                    },
                  },
                },
              }
            }
          />
        </div>
      </CardBody>
    </Card>
  </Col>
  <Col
    lg={4}
    sm={12}
  >
    <TransferringJobs
      transferring={Object {}}
    />
  </Col>
</Row>
`;
