// Jest Snapshot v1, https://goo.gl/fbAQLP

exports[`Show Config renders should match snapshot 1`] = `
<div
  data-test="showConfigComponent"
>
  <Row>
    <Col
      className="mb-4"
      lg={8}
    >
      <Button
        className="float-start"
        color="primary"
        onClick={[Function]}
      >
        Create a New Config
      </Button>
    </Col>
    <Col
      lg={4}
    />
  </Row>
  <Table
    className="table-striped"
    responsive={true}
  >
    <thead>
      <tr>
        <th>
          No.
        </th>
        <th>
          Name
        </th>
        <th>
          Type
        </th>
        <th>
          Actions
        </th>
      </tr>
    </thead>
    <tbody>
      <RemoteRows
        refreshHandle={[Function]}
        remotes={
          Object {
            "local": Object {
              "type": "local",
            },
            "mydrive": Object {
              "token": "",
              "type": "drive",
            },
          }
        }
      />
    </tbody>
  </Table>
</div>
`;
