// Jest Snapshot v1, https://goo.gl/fbAQLP

exports[`Remote Explorer renders should match snapshot 1`] = `
<ErrorBoundary>
  <Card>
    <CardBody>
      <Container
        fluid={true}
      >
        <Connect(FileOperations)
          containerID="0"
        />
        <Connect(FilesView)
          containerID="0"
        />
      </Container>
    </CardBody>
  </Card>
</ErrorBoundary>
`;
