// Jest Snapshot v1, https://goo.gl/fbAQLP

exports[`Remote Explorer renders should match snapshot 1`] = `
<div
  className="app"
  data-test="defaultLayout"
>
  <ErrorBoundary>
    <CHeader
      colorScheme="light"
      fixed={true}
      tag="header"
    >
      <Suspense
        fallback={
          <div
            className="animated fadeIn pt-1 text-center"
          >
            Loading...
          </div>
        }
      >
        <lazy
          onLogout={[Function]}
        />
      </Suspense>
    </CHeader>
    <div
      className="app-body"
    >
      <CSidebar
        breakpoint="lg"
        colorScheme="dark"
        fixed={true}
        hideOnMobileClick={true}
        show="responsive"
      >
        <CSidebarNav>
          <Suspense
            fallback={
              <div
                className="animated fadeIn pt-1 text-center"
              >
                Loading...
              </div>
            }
          >
            <CSidebarNavItem
              fontIcon="icon-speedometer"
              key="0"
              name="Dashboard"
              to="/dashboard"
            />
            <CSidebarNavItem
              fontIcon="icon-note"
              key="1"
              name="Configs"
              to="/showconfig"
            />
            <CSidebarNavItem
              fontIcon="icon-screen-desktop"
              key="2"
              name="Explorer"
              to="/remoteExplorer"
            />
            <CSidebarNavItem
              fontIcon="icon-star"
              key="3"
              name="Backend"
              to="/rcloneBackend"
            />
            <CSidebarNavItem
              fontIcon="fa fa-hdd-o"
              key="4"
              name="Mounts"
              to="/mountDashboard"
            />
            <CSidebarNavItem
              fontIcon="icon-logout"
              key="5"
              name="Log Out"
              to="/login"
            />
            <CSidebarNavItem
              className="mt-auto"
              color="success"
              fontIcon="fa fa-cog"
              key="6"
              name=""
              target="_blank"
              to="https://rclone.org/changelog"
            />
          </Suspense>
        </CSidebarNav>
        <CSidebarFooter
          tag="div"
        />
        <CSidebarMinimizer />
      </CSidebar>
      <main
        className="main"
      >
        <CBreadcrumb
          appRoutes={
            Array [
              Object {
                "exact": true,
                "name": "Home",
                "path": "/",
              },
              Object {
                "component": Object {
                  "$$typeof": Symbol(react.lazy),
                  "_init": [Function],
                  "_payload": Object {
                    "_result": [Function],
                    "_status": -1,
                  },
                },
                "name": "Edit Remote",
                "path": "/newdrive/edit/:drivePrefix",
              },
              Object {
                "component": Object {
                  "$$typeof": Symbol(react.lazy),
                  "_init": [Function],
                  "_payload": Object {
                    "_result": [Function],
                    "_status": -1,
                  },
                },
                "exact": true,
                "name": "New Remote",
                "path": "/newdrive",
              },
              Object {
                "component": Object {
                  "$$typeof": Symbol(react.lazy),
                  "_init": [Function],
                  "_payload": Object {
                    "_result": [Function],
                    "_status": -1,
                  },
                },
                "exact": true,
                "name": "Login Page",
                "path": "/login",
              },
              Object {
                "component": Object {
                  "$$typeof": Symbol(react.lazy),
                  "_init": [Function],
                  "_payload": Object {
                    "_result": [Function],
                    "_status": -1,
                  },
                },
                "name": "Dashboard",
                "path": "/dashboard",
              },
              Object {
                "component": Object {
                  "$$typeof": Symbol(react.lazy),
                  "_init": [Function],
                  "_payload": Object {
                    "_result": [Function],
                    "_status": -1,
                  },
                },
                "name": "Configs",
                "path": "/showconfig",
              },
              Object {
                "component": Object {
                  "$$typeof": Symbol(react.lazy),
                  "_init": [Function],
                  "_payload": Object {
                    "_result": [Function],
                    "_status": -1,
                  },
                },
                "exact": true,
                "name": "Explorer",
                "path": "/remoteExplorer/:remoteName/:remotePath",
              },
              Object {
                "component": Object {
                  "$$typeof": Symbol(react.lazy),
                  "_init": [Function],
                  "_payload": Object {
                    "_result": [Function],
                    "_status": -1,
                  },
                },
                "name": "Explorer",
                "path": "/remoteExplorer",
              },
              Object {
                "component": Object {
                  "$$typeof": Symbol(react.lazy),
                  "_init": [Function],
                  "_payload": Object {
                    "_result": [Function],
                    "_status": -1,
                  },
                },
                "name": "Rclone Backend",
                "path": "/rcloneBackend",
              },
              Object {
                "component": Object {
                  "$$typeof": Symbol(react.lazy),
                  "_init": [Function],
                  "_payload": Object {
                    "_result": [Function],
                    "_status": -1,
                  },
                },
                "name": "Mount Dashboard",
                "path": "/mountDashboard",
              },
            ]
          }
        />
        <Container
          fluid={true}
        >
          <Suspense
            fallback={
              <div
                className="animated fadeIn pt-1 text-center"
              >
                Loading...
              </div>
            }
          >
            <Routes>
              <Route
                element={<UNDEFINED />}
                key="1"
                path="/newdrive/edit/:drivePrefix"
              />
              <Route
                element={<UNDEFINED />}
                key="2"
                path="/newdrive"
              />
              <Route
                element={<UNDEFINED />}
                key="3"
                path="/login"
              />
              <Route
                element={<UNDEFINED />}
                key="4"
                path="/dashboard"
              />
              <Route
                element={<UNDEFINED />}
                key="5"
                path="/showconfig"
              />
              <Route
                element={<UNDEFINED />}
                key="6"
                path="/remoteExplorer/:remoteName/:remotePath"
              />
              <Route
                element={<UNDEFINED />}
                key="7"
                path="/remoteExplorer"
              />
              <Route
                element={<UNDEFINED />}
                key="8"
                path="/rcloneBackend"
              />
              <Route
                element={<UNDEFINED />}
                key="9"
                path="/mountDashboard"
              />
              <Route
                element={
                  <Navigate
                    replace={true}
                    to="/dashboard"
                  />
                }
                path="/"
              />
            </Routes>
          </Suspense>
        </Container>
      </main>
    </div>
    <CFooter
      fixed={false}
      tag="footer"
    >
      <Suspense
        fallback={
          <div
            className="animated fadeIn pt-1 text-center"
          >
            Loading...
          </div>
        }
      >
        <lazy />
      </Suspense>
    </CFooter>
  </ErrorBoundary>
</div>
`;
