// Jest Snapshot v1, https://goo.gl/fbAQLP

exports[`Remote Explorer renders should match snapshot 1`] = `
<div
  data-test="defaultLayout"
>
  <ErrorBoundary>
    <header
      className="navbar bg-dark fixed-top px-3"
      style={
        Object {
          "height": 55,
          "zIndex": 1030,
        }
      }
    >
      <Suspense
        fallback={
          <div
            className="animated fadeIn pt-1 text-center"
          >
            Loading...
          </div>
        }
      >
        <lazy />
      </Suspense>
    </header>
    <div
      className="d-flex"
      style={
        Object {
          "marginTop": 55,
        }
      }
    >
      <nav
        className="bg-dark flex-shrink-0 overflow-auto"
        style={
          Object {
            "alignSelf": "flex-start",
            "minHeight": "calc(100vh - 55px)",
            "position": "sticky",
            "top": 55,
            "width": 200,
          }
        }
      >
        <ul
          className="nav flex-column py-2"
        >
          <li
            className="nav-item"
            key="0"
          >
            <NavLink
              className={[Function]}
              to="/dashboard"
            >
              <i
                className="icon-speedometer me-2"
              />
              Dashboard
            </NavLink>
          </li>
          <li
            className="nav-item"
            key="1"
          >
            <NavLink
              className={[Function]}
              to="/showconfig"
            >
              <i
                className="icon-note me-2"
              />
              Configs
            </NavLink>
          </li>
          <li
            className="nav-item"
            key="2"
          >
            <NavLink
              className={[Function]}
              to="/remoteExplorer"
            >
              <i
                className="icon-screen-desktop me-2"
              />
              Explorer
            </NavLink>
          </li>
          <li
            className="nav-item"
            key="3"
          >
            <NavLink
              className={[Function]}
              to="/rcloneBackend"
            >
              <i
                className="icon-star me-2"
              />
              Backend
            </NavLink>
          </li>
          <li
            className="nav-item"
            key="4"
          >
            <NavLink
              className={[Function]}
              to="/mountDashboard"
            >
              <i
                className="fa fa-hdd-o me-2"
              />
              Mounts
            </NavLink>
          </li>
          <li
            className="nav-item"
            key="5"
          >
            <NavLink
              className={[Function]}
              to="/login"
            >
              <i
                className="icon-logout me-2"
              />
              Log Out
            </NavLink>
          </li>
          <li
            className="nav-item"
            key="6"
          >
            <NavLink
              className={[Function]}
              target="_blank"
              to="https://rclone.org/changelog"
            >
              <i
                className="fa fa-cog me-2"
              />
            </NavLink>
          </li>
        </ul>
      </nav>
      <main
        className="flex-grow-1"
        style={
          Object {
            "minWidth": 0,
          }
        }
      >
        <Container
          className="pt-3"
          fluid={true}
        >
          <Suspense
            fallback={
              <div
                className="animated fadeIn pt-1 text-center"
              >
                Loading...
              </div>
            }
          >
            <Routes>
              <Route
                element={<UNDEFINED />}
                key="1"
                path="/newdrive/edit/:drivePrefix"
              />
              <Route
                element={<UNDEFINED />}
                key="2"
                path="/newdrive"
              />
              <Route
                element={<UNDEFINED />}
                key="3"
                path="/login"
              />
              <Route
                element={<UNDEFINED />}
                key="4"
                path="/dashboard"
              />
              <Route
                element={<UNDEFINED />}
                key="5"
                path="/showconfig"
              />
              <Route
                element={<UNDEFINED />}
                key="6"
                path="/remoteExplorer/:remoteName/:remotePath"
              />
              <Route
                element={<UNDEFINED />}
                key="7"
                path="/remoteExplorer"
              />
              <Route
                element={<UNDEFINED />}
                key="8"
                path="/rcloneBackend"
              />
              <Route
                element={<UNDEFINED />}
                key="9"
                path="/mountDashboard"
              />
              <Route
                element={
                  <Navigate
                    replace={true}
                    to="/dashboard"
                  />
                }
                path="/"
              />
            </Routes>
          </Suspense>
        </Container>
      </main>
    </div>
    <footer
      className="py-2 px-3 border-top bg-white"
    >
      <Suspense
        fallback={
          <div
            className="animated fadeIn pt-1 text-center"
          >
            Loading...
          </div>
        }
      >
        <lazy />
      </Suspense>
    </footer>
  </ErrorBoundary>
</div>
`;
