// Jest Snapshot v1, https://goo.gl/fbAQLP

exports[`File Operations renders should match snapshot 1`] = `
<div
  className="ps-0 mt-3 mb-1 d-flex justify-content-between align-items-center"
  style={
    Object {
      "marginLeft": "-15px",
      "marginRight": "-15px",
    }
  }
>
  <div
    className="d-flex flex-nowrap"
  >
    <Button
      className="me-1 btn-explorer-action"
      color="light"
      onClick={[Function]}
    >
      <i
        className="fa fa-lg fa-arrow-left"
      />
    </Button>
    <Button
      className="me-1 btn-explorer-action"
      color="light"
      onClick={[Function]}
    >
      <i
        className="fa fa-lg fa-arrow-right"
      />
    </Button>
    <Button
      className="me-1 btn-explorer-action"
      id="RefreshButton"
      onClick={[Function]}
    >
      <i
        className="fa fa-lg fa-repeat"
      />
    </Button>
    <UncontrolledTooltip
      placement="right"
      target="RefreshButton"
    >
      Refresh Files
    </UncontrolledTooltip>
  </div>
  <div
    className="flex-grow-1 ps-1 pe-1 pr-lg-3 pl-lg-3"
  >
    <Form
      className="h-100"
      onSubmit={[Function]}
    >
      <Input
        onBlur={[Function]}
        onChange={[Function]}
        onFocus={[Function]}
        style={
          Object {
            "width": "100%",
          }
        }
        value="local:/"
      />
      <Button
        className="d-none"
        color="link"
        style={
          Object {
            "marginLeft": "-45px",
          }
        }
        type="submit"
      >
        <i
          className="fa fa-arrow-right"
        />
      </Button>
    </Form>
  </div>
  <div
    className="d-flex flex-wrap"
  >
    <Button
      className="me-1 btn-explorer-action p-1"
      id="CreateFolderButton"
      onClick={[Function]}
    >
      <img
        alt="New Folder"
        className="fa fa-lg"
        src="new-folder.png"
      />
       
    </Button>
    <UncontrolledTooltip
      placement="bottom"
      target="CreateFolderButton"
    >
      Create a new Folder
    </UncontrolledTooltip>
    <ButtonDropdown
      direction="down"
      id="FilterButton"
      isOpen={false}
      toggle={[Function]}
    >
      <DropdownToggle
        aria-haspopup={true}
        className="btn-explorer-action"
        color="secondary"
      >
        <i
          className="fa fa-lg fa-filter"
        />
      </DropdownToggle>
      <DropdownMenu>
        <DropdownItem
          key="None"
          onClick={[Function]}
          value=""
        >
          None
        </DropdownItem>
        <DropdownItem
          key="Images"
          onClick={[Function]}
          value="Images"
        >
          Images
        </DropdownItem>
        <DropdownItem
          key="Pdf"
          onClick={[Function]}
          value="Pdf"
        >
          Pdf
        </DropdownItem>
        <DropdownItem
          key="Videos"
          onClick={[Function]}
          value="Videos"
        >
          Videos
        </DropdownItem>
      </DropdownMenu>
    </ButtonDropdown>
    <Button
      className="btn-explorer-action"
      id="ListViewButton"
      onClick={[Function]}
    >
      <i
        className="fa fa-lg fa-th-large"
      />
    </Button>
    <UncontrolledTooltip
      placement="right"
      target="ListViewButton"
    >
      Card View
    </UncontrolledTooltip>
    <Button
      className="btn-explorer-action"
      id="InfoButton"
      onClick={[Function]}
    >
      <i
        className="fa fa-lg fa-info"
      />
    </Button>
    <UncontrolledTooltip
      placement="right"
      target="InfoButton"
    >
      Show Remote Info
    </UncontrolledTooltip>
    <FileUploadModal
      buttonClass="btn-explorer-action"
      buttonLabel="Upload"
      currentPath={
        Object {
          "remoteName": "local",
          "remotePath": "",
        }
      }
    />
    <Form>
      <FormGroup>
        <Button
          className="me-1 btn-explorer-action"
          color=""
          onClick={[Function]}
        >
          <i
            className="fa fa-lg fa-search"
          />
        </Button>
      </FormGroup>
    </Form>
    <Connect(NewFolder)
      closeModal={[Function]}
      containerID="0"
      isVisible={false}
    />
    <Modal
      autoFocus={true}
      backdrop={true}
      backdropTransition={
        Object {
          "mountOnEnter": true,
          "timeout": 150,
        }
      }
      centered={false}
      container="body"
      fade={true}
      isOpen={false}
      keyboard={true}
      modalTransition={
        Object {
          "timeout": 300,
        }
      }
      onClosed={[Function]}
      onOpened={[Function]}
      returnFocusAfterClose={true}
      role="dialog"
      scrollable={false}
      toggle={[Function]}
      trapFocus={false}
      unmountOnClose={true}
      zIndex={1050}
    >
      <ModalHeader>
        Status for 
        local
      </ModalHeader>
      <ModalBody>
        <Row>
          <Col
            sm={12}
          >
            <div
              className="chart-wrapper"
            >
              <p>
                Space Usage (in GB)
              </p>
              <Spinner
                color="primary"
              />
              Loading
            </div>
          </Col>
        </Row>
        <Row>
          <Col
            sm={12}
          >
            <Button
              color="danger"
              onClick={[Function]}
            >
              Clean Trash 
              <i
                className="fa fa-lg fa-trash"
              />
            </Button>
          </Col>
        </Row>
      </ModalBody>
      <ModalFooter />
    </Modal>
  </div>
</div>
`;
