// Jest Snapshot v1, https://goo.gl/fbAQLP

exports[`App Component should match snapshot 1`] = `
<div
  data-test="appComponent"
>
  <ErrorBoundary>
    <bt />
    <HashRouter>
      <Suspense
        fallback={
          <div
            className="animated fadeIn pt-3 text-center"
          >
            Loading...
          </div>
        }
      >
        <Routes>
          <Route
            element={<UNDEFINED />}
            path="/login"
          />
          <Route
            element={<UNDEFINED />}
            path="/register"
          />
          <Route
            element={<UNDEFINED />}
            path="/404"
          />
          <Route
            element={<UNDEFINED />}
            path="/500"
          />
          <Route
            element={<UNDEFINED />}
            path="/*"
          />
        </Routes>
      </Suspense>
    </HashRouter>
  </ErrorBoundary>
</div>
`;
