// Jest Snapshot v1, https://goo.gl/fbAQLP

exports[`Login Layout renders should match snapshot 1`] = `
<div
  className="app flex-row align-items-center"
  data-test="loginComponent"
>
  <Container>
    <Row
      className="justify-content-center"
    >
      <Col
        md="8"
      >
        <CardGroup>
          <Card
            className="p-4"
          >
            <CardBody>
              <Form
                onSubmit={[Function]}
              >
                <h1>
                  Login
                </h1>
                <p
                  className="text-muted"
                >
                  Sign In to your account
                </p>
                <InputGroup
                  className="mb-3"
                >
                  <InputGroupText>
                    <i
                      className="icon-user"
                    />
                  </InputGroupText>
                  <Input
                    autoComplete="ipAddress"
                    data-testid="LoginForm-ipAddress"
                    onChange={[Function]}
                    placeholder="IP Address / URL"
                    type="text"
                    value="http://localhost/"
                  />
                </InputGroup>
                <InputGroup
                  className="mb-3"
                >
                  <InputGroupText>
                    <i
                      className="icon-user"
                    />
                  </InputGroupText>
                  <Input
                    autoComplete="username"
                    data-testid="LoginForm-userName"
                    onChange={[Function]}
                    placeholder="Username"
                    type="text"
                    value=""
                  />
                </InputGroup>
                <InputGroup
                  className="mb-4"
                >
                  <InputGroupText>
                    <i
                      className="icon-lock"
                    />
                  </InputGroupText>
                  <Input
                    autoComplete="current-password"
                    data-testid="LoginForm-password"
                    onChange={[Function]}
                    placeholder="Password"
                    type="password"
                    value=""
                  />
                </InputGroup>
                <Row>
                  <Col
                    xs="6"
                  >
                    <Button
                      className="px-4"
                      color="primary"
                      data-testid="LoginForm-BtnLogin"
                      type="submit"
                    >
                      Login
                    </Button>
                  </Col>
                </Row>
              </Form>
            </CardBody>
          </Card>
          <Card
            className="text-white bg-white py-5 d-none d-md-block"
            style={
              Object {
                "width": "44%",
              }
            }
          >
            <CardBody
              className="text-center"
            >
              <img
                alt="RClone logo"
                src="logo_symbol.png"
              />
            </CardBody>
          </Card>
        </CardGroup>
      </Col>
    </Row>
  </Container>
</div>
`;
