// Jest Snapshot v1, https://goo.gl/fbAQLP

exports[`New Folder renders should match snapshot 1`] = `
<Modal
  autoFocus={true}
  backdrop={true}
  backdropTransition={
    Object {
      "mountOnEnter": true,
      "timeout": 150,
    }
  }
  centered={false}
  container="body"
  data-test="newFolderComponent"
  fade={true}
  isOpen={true}
  keyboard={true}
  modalTransition={
    Object {
      "timeout": 300,
    }
  }
  onClosed={[Function]}
  onOpened={[Function]}
  returnFocusAfterClose={true}
  role="dialog"
  scrollable={false}
  toggle={[Function]}
  trapFocus={false}
  unmountOnClose={true}
  zIndex={1050}
>
  <Form
    onSubmit={[Function]}
  >
    <ModalHeader
      toggle={[Function]}
    >
      Create New folder at 
      mydrive
      : 
    </ModalHeader>
    <ModalBody>
      <FormGroup
        row={true}
      >
        <Label
          for="folderName"
          sm={5}
        >
          Enter the name
        </Label>
        <Col
          sm={7}
        >
          <Input
            autoFocus={true}
            id="folderName"
            name="folderName"
            onChange={[Function]}
            required={true}
            type="text"
            value=""
          />
        </Col>
      </FormGroup>
      <div
        className="clearfix"
      >
        <Button
          className="float-end"
          color="success"
          disabled={false}
          type="submit"
        >
          <i
            className="fa fa-check fa-lg"
          />
          Create folder
        </Button>
      </div>
    </ModalBody>
  </Form>
</Modal>
`;
